// Jest Snapshot v1, https://goo.gl/fbAQLP

exports[`Component: App Shipping should render correctly 1`] = `
<div>
  <div>
    <h3>
      Shipping and Billing
    </h3>
    <div>
      <div>
        Item location: 
        <b>
          Windsor, New Jersey, United States
        </b>
      </div>
      <div>
        Shipping to: Worldwide
      </div>
      <div>
        Excludes: Russian Federation
      </div>
    </div>
    <form
      onSubmit={[Function]}
    >
      <label>
        Quantity: 
      </label>
      <input
        min="1"
        type="number"
      />
       
      <label>
        Change Country: 
        <select
          onChange={[Function]}
          value="United States of America"
        >
          <option
            key="0"
          >
            Philippines
          </option>
          <option
            key="1"
          >
            Japan
          </option>
          <option
            key="2"
          >
            United States of America
          </option>
        </select>
      </label>
       
      <button>
        Get Rates
      </button>
    </form>
    <br />
    <div>
      <table>
        <thead>
          <tr>
            <th>
              Shipping and handling
            </th>
            <th>
              Each additional item
            </th>
            <th>
              To
            </th>
            <th>
              Service
            </th>
          </tr>
        </thead>
        <tbody>
          <tr>
            <td>
              US $.00
            </td>
            <td>
              free
            </td>
            <td>
              United States of America
            </td>
            <td>
              Standard Shipping
            </td>
          </tr>
          <tr>
            <td>
              US $.00
            </td>
            <td>
              3
            </td>
            <td>
              United States of America
            </td>
            <td>
              Expedited Shipping
            </td>
          </tr>
          <tr>
            <td>
              US $.00
            </td>
            <td>
              5
            </td>
            <td>
              United States of America
            </td>
            <td>
              One-day Shipping
            </td>
          </tr>
        </tbody>
      </table>
    </div>
    <div>
      <div>
        * 
        <a
          href="https://pages.ebay.com/help/buy/contextual/estimated-delivery.html"
        >
          Estimated delivery dates
        </a>
         
        include seller's handling time, origin ZIP Code, destination ZIP Code and time of acceptance and will depend on shipping service selected and receipt of
         
        <a
          href="https://pages.ebay.com/help/buy/contextual/domestic-handling-time.html"
        >
          cleared payment
        </a>
        .
         
        Delivery times may vary, especially during peak periods.
      </div>
    </div>
  </div>
  <br />
  <div>
    <ReturnPolicyTable />
  </div>
  <br />
  <div>
    <PaymentDetails />
  </div>
</div>
`;
